// Jest Snapshot v1, https://goo.gl/fbAQLP

exports[`App should render correctly 1`] = `
<div
  className="App-wrapper-1"
>
  <div>
    <div
      className="MuiPrivateHiddenCss-smDown-69"
    >
      <div
        className="MuiDrawer-root-79 MuiDrawer-docked-80"
      >
        <div
          className="MuiPaper-root-91 MuiPaper-elevation0-93 MuiDrawer-paper-81 Sidebar-drawerPaper-9 Sidebar-drawerPaperMini-14 MuiDrawer-paperAnchorLeft-82 MuiDrawer-paperAnchorDockedLeft-86"
        >
          <svg
            className="logo"
            viewBox="0 0 540 110"
            xmlns="http://www.w3.org/2000/svg"
          >
            <path
              d="M482.4,90.6V59.8h48V47.5h-48V19.4h56.2V7h-69.9v96H540V90.6H482.4z M340.4,86.4L295.8,7h-19.2v96h13.7V23.6l44.6,79.4h19.2 V7h-13.7L340.4,86.4z M199.2,59.8h48V47.5h-48V19.4h56.2V7h-69.9v96h71.3V90.6h-57.6V59.8z M411.8,18h1.4c11.7,0,20.4,6.9,21.1,17.8 H448c-0.7-18.5-14.3-30.2-35.5-30.2c-20.7,0-34.3,12.3-34.3,27.4s8.9,23.9,24.3,27l15.4,3.2c10.1,2.1,15.1,6.6,15.1,14.4 s-7,14.4-19.9,14.4h-1.4c-14.4,0-24.5-6.9-24.5-19.9h-13.7c0.7,21.2,15.1,32.2,37.7,32.2c21.2,0,35.5-10.4,35.5-27.3 c0-15.6-9.6-24.4-26.2-27.7l-15.4-3c-8.1-1.6-13.2-6-13.2-13.4C391.9,24.4,399.9,18,411.8,18 M128.5,18h1.4 c11.7,0,20.4,6.9,21.1,17.8h13.7C164,17.3,150.4,5.6,129.1,5.6c-20.7,0-34.3,12.3-34.3,27.4s8.9,23.9,24.3,27l15.4,3.2 c10.1,2.1,15.1,6.6,15.1,14.4s-7,14.4-19.9,14.4h-1.4c-14.4,0-24.5-6.9-24.5-19.9H90.1c0.7,21.2,15.1,32.2,37.7,32.2 c21.2,0,35.5-10.4,35.5-27.3c0-15.6-9.6-24.4-26.2-27.7l-15.4-3c-8.1-1.6-13.2-6-13.2-13.4C108.6,24.4,116.5,18,128.5,18 M38.4,18 h1.4c11.7,0,20.4,6.9,21.1,17.8h13.7C73.9,17.3,60.3,5.6,39.1,5.6C18.4,5.6,4.8,18,4.8,33.1s8.9,23.9,24.3,27l15.4,3.2 c10.1,2.1,15.1,6.6,15.1,14.4S52.5,92,39.6,92h-1.4c-14.4,0-24.5-6.9-24.5-19.9H0c0.7,21.2,15.1,32.2,37.7,32.2 c21.2,0,35.5-10.4,35.5-27.3c0-15.6-9.6-24.4-26.2-27.7l-15.4-3c-8.1-1.6-13.2-6-13.2-13.4C18.5,24.4,26.5,18,38.4,18"
              style={
                Object {
                  "fill": Object {},
                }
              }
            />
          </svg>
          <hr
            className="logo-hr"
          />
          <div
            className="Sidebar-sidebarWrapper-56 Sidebar-drawerPaperMini-14"
          >
            <ul
              className="MuiList-root-118 MuiList-padding-119 Sidebar-list-24"
            >
              <li
                className="MuiListItem-root-122 MuiListItem-default-125 MuiListItem-gutters-130 Sidebar-item-25"
                disabled={false}
              >
                <a
                  aria-current="page"
                  className="Sidebar-itemLink-27  undefined active"
                  href="/"
                  onClick={[Function]}
                  style={Object {}}
                >
                  <div
                    className="MuiListItemIcon-root-134 Sidebar-itemIcon-28 "
                  >
                    <svg
                      aria-hidden="true"
                      className="MuiSvgIcon-root-135"
                      focusable="false"
                      role="presentation"
                      viewBox="0 0 24 24"
                    >
                      <path
                        d="M10 20v-6h4v6h5v-8h3L12 3 2 12h3v8z"
                      />
                      <path
                        d="M0 0h24v24H0z"
                        fill="none"
                      />
                    </svg>
                  </div>
                  <div
                    className="MuiListItemText-root-144 Sidebar-itemText-30 Sidebar-itemTextMini-33"
                  >
                    Home
                  </div>
                </a>
              </li>
              <li
                className="MuiListItem-root-122 MuiListItem-default-125 MuiListItem-gutters-130 Sidebar-item-25"
                disabled={false}
              >
                <a
                  aria-current={null}
                  className="Sidebar-itemLink-27 "
                  href="/"
                  onClick={[Function]}
                >
                  <div
                    className="MuiListItemIcon-root-134 Sidebar-itemIcon-28 "
                  >
                    <svg
                      aria-hidden="true"
                      className="MuiSvgIcon-root-135"
                      focusable="false"
                      role="presentation"
                      viewBox="0 0 24 24"
                    >
                      <path
                        d="M0 0h24v24H0z"
                        fill="none"
                      />
                      <path
                        d="M12 2C6.48 2 2 6.48 2 12s4.48 10 10 10 10-4.48 10-10S17.52 2 12 2zm1 15h-2v-6h2v6zm0-8h-2V7h2v2z"
                      />
                    </svg>
                  </div>
                  <div
                    className="MuiListItemText-root-144 Sidebar-itemText-30 Sidebar-itemTextMini-33"
                  >
                    General
                    <b
                      className="Sidebar-caret-45  "
                    />
                  </div>
                </a>
              </li>
            </ul>
          </div>
        </div>
      </div>
    </div>
  </div>
  <div
    className="App-mainPanel-2  App-mainPanelSidebarMini-6"
  >
    <header
      className="MuiPaper-root-91 MuiPaper-elevation4-97 MuiAppBar-root-166 MuiAppBar-positionFixed-167 MuiAppBar-colorPrimary-173 mui-fixed Header-appBar-154"
    >
      <div
        className="MuiToolbar-root-175 MuiToolbar-regular-177 MuiToolbar-gutters-176 Header-container-155"
      >
        <div
          className="Header-sidebarMinimize-163"
        >
          <button
            className="MuiButtonBase-root-234 MuiButton-root-208 MuiButton-text-210 MuiButton-flat-213 RegularButton-button-179 RegularButton-transparent-200 RegularButton-justIcon-207"
            disabled={false}
            onBlur={[Function]}
            onClick={[Function]}
            onContextMenu={[Function]}
            onFocus={[Function]}
            onKeyDown={[Function]}
            onKeyUp={[Function]}
            onMouseDown={[Function]}
            onMouseLeave={[Function]}
            onMouseUp={[Function]}
            onTouchEnd={[Function]}
            onTouchMove={[Function]}
            onTouchStart={[Function]}
            tabIndex="0"
            type="button"
          >
            <span
              className="MuiButton-label-209"
            >
              <svg
                aria-hidden="true"
                className="MuiSvgIcon-root-135 Header-sidebarMiniIcon-165"
                focusable="false"
                role="presentation"
                viewBox="0 0 24 24"
              >
                <path
                  d="M2 15.5v2h20v-2H2zm0-5v2h20v-2H2zm0-5v2h20v-2H2z"
                />
                <path
                  d="M0 0h24v24H0z"
                  fill="none"
                />
              </svg>
            </span>
          </button>
        </div>
        <div
          className="Header-flex-156"
        >
          UI-Boilerplate
        </div>
      </div>
    </header>
    <main
      className="App-content-3"
    >
      <div
        className="App-container-4"
      >
        <div
          className="MuiGrid-container-253"
        >
          <div
            className="MuiGrid-item-254 MuiGrid-grid-xs-12-293 MuiGrid-grid-sm-6-301 MuiGrid-grid-md-6-315 MuiGrid-grid-lg-3-326"
          >
            <div
              className="Card-card-350"
            >
              <div
                className="CardHeader-cardHeader-367 CardHeader-successCardHeader-376 CardHeader-cardHeaderStats-372 CardHeader-cardHeaderIcon-373"
              >
                <div
                  className="CardIcon-cardIcon-381 CardIcon-successCardHeader-383"
                >
                  <span
                    aria-hidden="true"
                    className="material-icons MuiIcon-root-388"
                  >
                    info_outline
                  </span>
                </div>
                <p
                  className="Home-cardCategory-244"
                >
                  UI-Boilerplate
                </p>
                <h3
                  className="Home-cardTitle-241"
                >
                  Ready
                </h3>
              </div>
              <div
                className="CardFooter-cardFooter-397 CardFooter-cardFooterStats-402"
              >
                <div
                  className="Home-stats-246"
                >
                  <svg
                    aria-hidden="true"
                    className="MuiSvgIcon-root-135"
                    focusable="false"
                    role="presentation"
                    viewBox="0 0 24 24"
                  >
                    <path
                      d="M0 0h24v24H0z"
                      fill="none"
                    />
                    <path
                      d="M21.41 11.58l-9-9C12.05 2.22 11.55 2 11 2H4c-1.1 0-2 .9-2 2v7c0 .55.22 1.05.59 1.42l9 9c.36.36.86.58 1.41.58.55 0 1.05-.22 1.41-.59l7-7c.37-.36.59-.86.59-1.41 0-.55-.23-1.06-.59-1.42zM5.5 7C4.67 7 4 6.33 4 5.5S4.67 4 5.5 4 7 4.67 7 5.5 6.33 7 5.5 7z"
                    />
                  </svg>
                  Let's get cooking
                </div>
              </div>
            </div>
          </div>
        </div>
      </div>
    </main>
  </div>
</div>
`;
