// Jest Snapshot v1, https://goo.gl/fbAQLP

exports[`LinkedButton should render correctly 1`] = `
<Button
  ghost={false}
  loading={false}
  onClick={[Function]}
  prefixCls="ant-btn"
  title="mockTitle"
  to="mockUrl"
>
  Foo Bar
</Button>
`;
